[    8968ms] [LOG] [Fast Refresh] done in 27208ms @ http://localhost:3001/_next/static/chunks/node_modules_next_dist_115brz8._.js:2441
[    9075ms] [LOG] [Fast Refresh] rebuilding @ http://localhost:3001/_next/static/chunks/node_modules_next_dist_115brz8._.js:2441
[   22669ms] [WARNING] [Fast Refresh] performing full reload because your application had an unrecoverable error @ http://localhost:3001/_next/static/chunks/node_modules_next_dist_115brz8._.js:2441
[   27957ms] [LOG] [Fast Refresh] done in 18982ms @ http://localhost:3001/_next/static/chunks/node_modules_next_dist_115brz8._.js:2441
[   29686ms] [LOG] [Fast Refresh] rebuilding @ http://localhost:3001/_next/static/chunks/node_modules_next_dist_115brz8._.js:2441
[   30573ms] [LOG] [Fast Refresh] done in 988ms @ http://localhost:3001/_next/static/chunks/node_modules_next_dist_115brz8._.js:2441
[   33442ms] [LOG] %c Console Ninja extension is connected to Next.js browser, background: rgb(30,30,30); color: rgb(255,213,92) see https://tinyurl.com/2vt8jxzw for more info. @ :0
[   33463ms] [INFO] %cDownload the React DevTools for a better development experience: https://react.dev/link/react-devtools font-weight:bold @ http://localhost:3001/_next/static/chunks/node_modules_next_dist_115brz8._.js:2441
[   33570ms] [LOG] [HMR] connected @ http://localhost:3001/_next/static/chunks/node_modules_next_dist_115brz8._.js:2441
[   34287ms] [LOG] [Fast Refresh] rebuilding @ http://localhost:3001/_next/static/chunks/node_modules_next_dist_115brz8._.js:2441
[   34294ms] [LOG] [Fast Refresh] done in 109ms @ http://localhost:3001/_next/static/chunks/node_modules_next_dist_115brz8._.js:2441
[   34403ms] [LOG] [Fast Refresh] rebuilding @ http://localhost:3001/_next/static/chunks/node_modules_next_dist_115brz8._.js:2441
[   34518ms] [LOG] [Fast Refresh] done in 218ms @ http://localhost:3001/_next/static/chunks/node_modules_next_dist_115brz8._.js:2441
[   34871ms] [LOG] [Fast Refresh] rebuilding @ http://localhost:3001/_next/static/chunks/node_modules_next_dist_115brz8._.js:2441
[   35018ms] [ERROR] Failed to load resource: the server responded with a status of 401 (Unauthorized) @ http://localhost:3001/api/users/me:0
[   35975ms] [LOG] [Fast Refresh] done in 1234ms @ http://localhost:3001/_next/static/chunks/node_modules_next_dist_115brz8._.js:2441
[   35983ms] [ERROR] Failed to load resource: the server responded with a status of 401 (Unauthorized) @ http://localhost:3001/api/cart:0
[   36173ms] [LOG] [Fast Refresh] rebuilding @ http://localhost:3001/_next/static/chunks/node_modules_next_dist_115brz8._.js:2441
[   36254ms] [LOG] [Fast Refresh] done in 188ms @ http://localhost:3001/_next/static/chunks/node_modules_next_dist_115brz8._.js:2441
[   36444ms] [LOG] [Fast Refresh] rebuilding @ http://localhost:3001/_next/static/chunks/node_modules_next_dist_115brz8._.js:2441
[   36469ms] [LOG] [Fast Refresh] done in 136ms @ http://localhost:3001/_next/static/chunks/node_modules_next_dist_115brz8._.js:2441
[   36881ms] [LOG] [Fast Refresh] rebuilding @ http://localhost:3001/_next/static/chunks/node_modules_next_dist_115brz8._.js:2441
[   36895ms] [LOG] [Fast Refresh] done in 126ms @ http://localhost:3001/_next/static/chunks/node_modules_next_dist_115brz8._.js:2441
[   40388ms] [LOG] [Fast Refresh] rebuilding @ http://localhost:3001/_next/static/chunks/node_modules_next_dist_115brz8._.js:2441
[   40669ms] [LOG] [Fast Refresh] done in 388ms @ http://localhost:3001/_next/static/chunks/node_modules_next_dist_115brz8._.js:2441
[   42188ms] [LOG] [Fast Refresh] rebuilding @ http://localhost:3001/_next/static/chunks/node_modules_next_dist_115brz8._.js:2441
[   42242ms] [LOG] [Fast Refresh] done in 163ms @ http://localhost:3001/_next/static/chunks/node_modules_next_dist_115brz8._.js:2441
[   42355ms] [LOG] [Fast Refresh] rebuilding @ http://localhost:3001/_next/static/chunks/node_modules_next_dist_115brz8._.js:2441
[   43245ms] [LOG] [Fast Refresh] done in 1001ms @ http://localhost:3001/_next/static/chunks/node_modules_next_dist_115brz8._.js:2441
[   43577ms] [LOG] [Fast Refresh] rebuilding @ http://localhost:3001/_next/static/chunks/node_modules_next_dist_115brz8._.js:2441
[   43649ms] [LOG] [Fast Refresh] done in 186ms @ http://localhost:3001/_next/static/chunks/node_modules_next_dist_115brz8._.js:2441
[   46648ms] [LOG] [Fast Refresh] rebuilding @ http://localhost:3001/_next/static/chunks/node_modules_next_dist_115brz8._.js:2441
[   46958ms] [LOG] [Fast Refresh] done in 419ms @ http://localhost:3001/_next/static/chunks/node_modules_next_dist_115brz8._.js:2441
[   72386ms] [LOG] [Fast Refresh] rebuilding @ http://localhost:3001/_next/static/chunks/node_modules_next_dist_115brz8._.js:2441
[   72554ms] [LOG] [Fast Refresh] done in 284ms @ http://localhost:3001/_next/static/chunks/node_modules_next_dist_115brz8._.js:2441
[   77019ms] [LOG] [Fast Refresh] rebuilding @ http://localhost:3001/_next/static/chunks/node_modules_next_dist_115brz8._.js:2441
[   77521ms] [LOG] [Fast Refresh] done in 604ms @ http://localhost:3001/_next/static/chunks/node_modules_next_dist_115brz8._.js:2441
[  112683ms] [LOG] [Fast Refresh] rebuilding @ http://localhost:3001/_next/static/chunks/node_modules_next_dist_115brz8._.js:2441
[  112784ms] [LOG] [Fast Refresh] done in 214ms @ http://localhost:3001/_next/static/chunks/node_modules_next_dist_115brz8._.js:2441
[  121466ms] [LOG] [Fast Refresh] rebuilding @ http://localhost:3001/_next/static/chunks/node_modules_next_dist_115brz8._.js:2441
[  121871ms] [LOG] [Fast Refresh] done in 515ms @ http://localhost:3001/_next/static/chunks/node_modules_next_dist_115brz8._.js:2441
[  126334ms] [LOG] [Fast Refresh] rebuilding @ http://localhost:3001/_next/static/chunks/node_modules_next_dist_115brz8._.js:2441
[  126374ms] [LOG] [Fast Refresh] done in 146ms @ http://localhost:3001/_next/static/chunks/node_modules_next_dist_115brz8._.js:2441
[ 1366058ms] [LOG] [Fast Refresh] rebuilding @ http://localhost:3001/_next/static/chunks/node_modules_next_dist_115brz8._.js:2441
[ 1366339ms] [LOG] [Fast Refresh] done in 386ms @ http://localhost:3001/_next/static/chunks/node_modules_next_dist_115brz8._.js:2441
[ 1367267ms] [LOG] [Fast Refresh] rebuilding @ http://localhost:3001/_next/static/chunks/node_modules_next_dist_115brz8._.js:2441
[ 1367291ms] [LOG] [Fast Refresh] done in 130ms @ http://localhost:3001/_next/static/chunks/node_modules_next_dist_115brz8._.js:2441
[ 1367450ms] [LOG] [Fast Refresh] rebuilding @ http://localhost:3001/_next/static/chunks/node_modules_next_dist_115brz8._.js:2441
[ 1367490ms] [LOG] [Fast Refresh] done in 145ms @ http://localhost:3001/_next/static/chunks/node_modules_next_dist_115brz8._.js:2441
[ 1390073ms] [LOG] [Fast Refresh] rebuilding @ http://localhost:3001/_next/static/chunks/node_modules_next_dist_115brz8._.js:2441
[ 1390459ms] [LOG] [Fast Refresh] done in 489ms @ http://localhost:3001/_next/static/chunks/node_modules_next_dist_115brz8._.js:2441
[ 1475768ms] [LOG] [Fast Refresh] rebuilding @ http://localhost:3001/_next/static/chunks/node_modules_next_dist_115brz8._.js:2441
[ 1481347ms] [LOG] [Fast Refresh] done in 5021ms @ http://localhost:3001/_next/static/chunks/node_modules_next_dist_115brz8._.js:2441
[ 1497870ms] [LOG] [Fast Refresh] rebuilding @ http://localhost:3001/_next/static/chunks/node_modules_next_dist_115brz8._.js:2441
[ 1501831ms] [ERROR] Failed to load resource: the server responded with a status of 401 (Unauthorized) @ http://localhost:3001/api/users/me:0
[ 1501970ms] [ERROR] Failed to load resource: the server responded with a status of 401 (Unauthorized) @ http://localhost:3001/api/cart:0
[ 1502324ms] [LOG] [Fast Refresh] done in 3779ms @ http://localhost:3001/_next/static/chunks/node_modules_next_dist_115brz8._.js:2441
[ 1589025ms] [LOG] [Fast Refresh] rebuilding @ http://localhost:3001/_next/static/chunks/node_modules_next_dist_115brz8._.js:2441
[ 1589069ms] [LOG] [Fast Refresh] done in 144ms @ http://localhost:3001/_next/static/chunks/node_modules_next_dist_115brz8._.js:2441
