[    3635ms] [LOG] %c Console Ninja extension is connected to Next.js browser, background: rgb(30,30,30); color: rgb(255,213,92) see https://tinyurl.com/2vt8jxzw for more info. @ :0
[    3774ms] [INFO] %cDownload the React DevTools for a better development experience: https://react.dev/link/react-devtools font-weight:bold @ http://localhost:3001/_next/static/chunks/node_modules_next_dist_115brz8._.js:2441
[    4152ms] [LOG] [HMR] connected @ http://localhost:3001/_next/static/chunks/node_modules_next_dist_115brz8._.js:2441
[    6111ms] [LOG] [Fast Refresh] rebuilding @ http://localhost:3001/_next/static/chunks/node_modules_next_dist_115brz8._.js:2441
[    6277ms] [ERROR] Failed to load resource: the server responded with a status of 401 (Unauthorized) @ http://localhost:3001/api/users/me:0
[    6368ms] [ERROR] Failed to load resource: the server responded with a status of 401 (Unauthorized) @ http://localhost:3001/api/cart:0
[    6586ms] [LOG] [Fast Refresh] done in 608ms @ http://localhost:3001/_next/static/chunks/node_modules_next_dist_115brz8._.js:2441
[    6927ms] [LOG] [Fast Refresh] rebuilding @ http://localhost:3001/_next/static/chunks/node_modules_next_dist_115brz8._.js:2441
[    6945ms] [LOG] [Fast Refresh] done in 125ms @ http://localhost:3001/_next/static/chunks/node_modules_next_dist_115brz8._.js:2441
[   21331ms] [LOG] [Fast Refresh] rebuilding @ http://localhost:3001/_next/static/chunks/node_modules_next_dist_115brz8._.js:2441
[   21366ms] [LOG] [Fast Refresh] done in 139ms @ http://localhost:3001/_next/static/chunks/node_modules_next_dist_115brz8._.js:2441
[   25985ms] [LOG] [Fast Refresh] rebuilding @ http://localhost:3001/_next/static/chunks/node_modules_next_dist_115brz8._.js:2441
[   26267ms] [LOG] [Fast Refresh] done in 385ms @ http://localhost:3001/_next/static/chunks/node_modules_next_dist_115brz8._.js:2441
[   51557ms] [LOG] [Fast Refresh] rebuilding @ http://localhost:3001/_next/static/chunks/node_modules_next_dist_115brz8._.js:2441
[   51953ms] [LOG] [Fast Refresh] done in 501ms @ http://localhost:3001/_next/static/chunks/node_modules_next_dist_115brz8._.js:2441
[   56194ms] [LOG] [Fast Refresh] rebuilding @ http://localhost:3001/_next/static/chunks/node_modules_next_dist_115brz8._.js:2441
[   57339ms] [LOG] [Fast Refresh] done in 1248ms @ http://localhost:3001/_next/static/chunks/node_modules_next_dist_115brz8._.js:2441
[  177519ms] [LOG] [Fast Refresh] rebuilding @ http://localhost:3001/_next/static/chunks/node_modules_next_dist_115brz8._.js:2441
[  191443ms] [LOG] [chat parts] [{"type":"step-start"},{"type":"tool-search_listings","state":"output-available"},{"type":"step-start"},{"type":"text","state":"done"}] @ http://localhost:3001/_next/static/chunks/node_modules_next_dist_115brz8._.js:2441
[  191448ms] [LOG] [chat parts] [{"type":"step-start"},{"type":"tool-search_listings","state":"input-available"}] @ http://localhost:3001/_next/static/chunks/node_modules_next_dist_115brz8._.js:2441
[  191453ms] [LOG] [chat parts] [{"type":"step-start"},{"type":"tool-search_listings","state":"output-available"},{"type":"step-start"},{"type":"text","state":"done"}] @ http://localhost:3001/_next/static/chunks/node_modules_next_dist_115brz8._.js:2441
[  191454ms] [LOG] [chat parts] [{"type":"step-start"},{"type":"tool-search_listings","state":"input-available"}] @ http://localhost:3001/_next/static/chunks/node_modules_next_dist_115brz8._.js:2441
[  191716ms] [LOG] [chat parts] [{"type":"step-start"},{"type":"tool-search_listings","state":"output-available"},{"type":"step-start"},{"type":"text","state":"done"}] @ http://localhost:3001/_next/static/chunks/node_modules_next_dist_115brz8._.js:2441
[  191722ms] [LOG] [chat parts] [{"type":"step-start"},{"type":"tool-search_listings","state":"output-available"}] @ http://localhost:3001/_next/static/chunks/node_modules_next_dist_115brz8._.js:2441
[  191724ms] [LOG] [chat parts] [{"type":"step-start"},{"type":"tool-search_listings","state":"output-available"},{"type":"step-start"},{"type":"text","state":"done"}] @ http://localhost:3001/_next/static/chunks/node_modules_next_dist_115brz8._.js:2441
[  191725ms] [LOG] [chat parts] [{"type":"step-start"},{"type":"tool-search_listings","state":"output-available"}] @ http://localhost:3001/_next/static/chunks/node_modules_next_dist_115brz8._.js:2441
[  192160ms] [LOG] [Fast Refresh] done in 14007ms @ http://localhost:3001/_next/static/chunks/node_modules_next_dist_115brz8._.js:2441
[  192298ms] [LOG] [chat parts] [{"type":"step-start"},{"type":"tool-search_listings","state":"output-available"},{"type":"step-start"},{"type":"text","state":"done"}] @ http://localhost:3001/_next/static/chunks/node_modules_next_dist_115brz8._.js:2441
[  192299ms] [LOG] [chat parts] [{"type":"step-start"},{"type":"tool-search_listings","state":"output-available"},{"type":"step-start"},{"type":"text","state":"streaming"}] @ http://localhost:3001/_next/static/chunks/node_modules_next_dist_115brz8._.js:2441
[  192303ms] [LOG] [chat parts] [{"type":"step-start"},{"type":"tool-search_listings","state":"output-available"},{"type":"step-start"},{"type":"text","state":"done"}] @ http://localhost:3001/_next/static/chunks/node_modules_next_dist_115brz8._.js:2441
[  192308ms] [LOG] [chat parts] [{"type":"step-start"},{"type":"tool-search_listings","state":"output-available"},{"type":"step-start"},{"type":"text","state":"streaming"}] @ http://localhost:3001/_next/static/chunks/node_modules_next_dist_115brz8._.js:2441
[  192318ms] [LOG] [chat parts] [{"type":"step-start"},{"type":"tool-search_listings","state":"output-available"},{"type":"step-start"},{"type":"text","state":"done"}] @ http://localhost:3001/_next/static/chunks/node_modules_next_dist_115brz8._.js:2441
[  192319ms] [LOG] [chat parts] [{"type":"step-start"},{"type":"tool-search_listings","state":"output-available"},{"type":"step-start"},{"type":"text","state":"streaming"}] @ http://localhost:3001/_next/static/chunks/node_modules_next_dist_115brz8._.js:2441
[  192322ms] [LOG] [chat parts] [{"type":"step-start"},{"type":"tool-search_listings","state":"output-available"},{"type":"step-start"},{"type":"text","state":"done"}] @ http://localhost:3001/_next/static/chunks/node_modules_next_dist_115brz8._.js:2441
[  192323ms] [LOG] [chat parts] [{"type":"step-start"},{"type":"tool-search_listings","state":"output-available"},{"type":"step-start"},{"type":"text","state":"streaming"}] @ http://localhost:3001/_next/static/chunks/node_modules_next_dist_115brz8._.js:2441
[  192332ms] [LOG] [chat parts] [{"type":"step-start"},{"type":"tool-search_listings","state":"output-available"},{"type":"step-start"},{"type":"text","state":"done"}] @ http://localhost:3001/_next/static/chunks/node_modules_next_dist_115brz8._.js:2441
[  192336ms] [LOG] [chat parts] [{"type":"step-start"},{"type":"tool-search_listings","state":"output-available"},{"type":"step-start"},{"type":"text","state":"streaming"}] @ http://localhost:3001/_next/static/chunks/node_modules_next_dist_115brz8._.js:2441
[  192340ms] [LOG] [chat parts] [{"type":"step-start"},{"type":"tool-search_listings","state":"output-available"},{"type":"step-start"},{"type":"text","state":"done"}] @ http://localhost:3001/_next/static/chunks/node_modules_next_dist_115brz8._.js:2441
[  192342ms] [LOG] [chat parts] [{"type":"step-start"},{"type":"tool-search_listings","state":"output-available"},{"type":"step-start"},{"type":"text","state":"streaming"}] @ http://localhost:3001/_next/static/chunks/node_modules_next_dist_115brz8._.js:2441
[  192462ms] [LOG] [chat parts] [{"type":"step-start"},{"type":"tool-search_listings","state":"output-available"},{"type":"step-start"},{"type":"text","state":"done"}] @ http://localhost:3001/_next/static/chunks/node_modules_next_dist_115brz8._.js:2441
[  192463ms] [LOG] [chat parts] [{"type":"step-start"},{"type":"tool-search_listings","state":"output-available"},{"type":"step-start"},{"type":"text","state":"streaming"}] @ http://localhost:3001/_next/static/chunks/node_modules_next_dist_115brz8._.js:2441
[  192464ms] [LOG] [chat parts] [{"type":"step-start"},{"type":"tool-search_listings","state":"output-available"},{"type":"step-start"},{"type":"text","state":"done"}] @ http://localhost:3001/_next/static/chunks/node_modules_next_dist_115brz8._.js:2441
[  192465ms] [LOG] [chat parts] [{"type":"step-start"},{"type":"tool-search_listings","state":"output-available"},{"type":"step-start"},{"type":"text","state":"streaming"}] @ http://localhost:3001/_next/static/chunks/node_modules_next_dist_115brz8._.js:2441
[  192596ms] [LOG] [chat parts] [{"type":"step-start"},{"type":"tool-search_listings","state":"output-available"},{"type":"step-start"},{"type":"text","state":"done"}] @ http://localhost:3001/_next/static/chunks/node_modules_next_dist_115brz8._.js:2441
[  192598ms] [LOG] [chat parts] [{"type":"step-start"},{"type":"tool-search_listings","state":"output-available"},{"type":"step-start"},{"type":"text","state":"streaming"}] @ http://localhost:3001/_next/static/chunks/node_modules_next_dist_115brz8._.js:2441
[  192601ms] [LOG] [chat parts] [{"type":"step-start"},{"type":"tool-search_listings","state":"output-available"},{"type":"step-start"},{"type":"text","state":"done"}] @ http://localhost:3001/_next/static/chunks/node_modules_next_dist_115brz8._.js:2441
[  192603ms] [LOG] [chat parts] [{"type":"step-start"},{"type":"tool-search_listings","state":"output-available"},{"type":"step-start"},{"type":"text","state":"streaming"}] @ http://localhost:3001/_next/static/chunks/node_modules_next_dist_115brz8._.js:2441
[  192948ms] [LOG] [chat parts] [{"type":"step-start"},{"type":"tool-search_listings","state":"output-available"},{"type":"step-start"},{"type":"text","state":"done"}] @ http://localhost:3001/_next/static/chunks/node_modules_next_dist_115brz8._.js:2441
[  192950ms] [LOG] [chat parts] [{"type":"step-start"},{"type":"tool-search_listings","state":"output-available"},{"type":"step-start"},{"type":"text","state":"streaming"}] @ http://localhost:3001/_next/static/chunks/node_modules_next_dist_115brz8._.js:2441
[  192952ms] [LOG] [chat parts] [{"type":"step-start"},{"type":"tool-search_listings","state":"output-available"},{"type":"step-start"},{"type":"text","state":"done"}] @ http://localhost:3001/_next/static/chunks/node_modules_next_dist_115brz8._.js:2441
[  192953ms] [LOG] [chat parts] [{"type":"step-start"},{"type":"tool-search_listings","state":"output-available"},{"type":"step-start"},{"type":"text","state":"streaming"}] @ http://localhost:3001/_next/static/chunks/node_modules_next_dist_115brz8._.js:2441
[  192965ms] [LOG] [chat parts] [{"type":"step-start"},{"type":"tool-search_listings","state":"output-available"},{"type":"step-start"},{"type":"text","state":"done"}] @ http://localhost:3001/_next/static/chunks/node_modules_next_dist_115brz8._.js:2441
[  192967ms] [LOG] [chat parts] [{"type":"step-start"},{"type":"tool-search_listings","state":"output-available"},{"type":"step-start"},{"type":"text","state":"done"}] @ http://localhost:3001/_next/static/chunks/node_modules_next_dist_115brz8._.js:2441
[  192969ms] [LOG] [chat parts] [{"type":"step-start"},{"type":"tool-search_listings","state":"output-available"},{"type":"step-start"},{"type":"text","state":"done"}] @ http://localhost:3001/_next/static/chunks/node_modules_next_dist_115brz8._.js:2441
[  192970ms] [LOG] [chat parts] [{"type":"step-start"},{"type":"tool-search_listings","state":"output-available"},{"type":"step-start"},{"type":"text","state":"done"}] @ http://localhost:3001/_next/static/chunks/node_modules_next_dist_115brz8._.js:2441
[  192981ms] [LOG] [chat parts] [{"type":"step-start"},{"type":"tool-search_listings","state":"output-available"},{"type":"step-start"},{"type":"text","state":"done"}] @ http://localhost:3001/_next/static/chunks/node_modules_next_dist_115brz8._.js:2441
[  192982ms] [LOG] [chat parts] [{"type":"step-start"},{"type":"tool-search_listings","state":"output-available"},{"type":"step-start"},{"type":"text","state":"done"}] @ http://localhost:3001/_next/static/chunks/node_modules_next_dist_115brz8._.js:2441
[  192984ms] [LOG] [chat parts] [{"type":"step-start"},{"type":"tool-search_listings","state":"output-available"},{"type":"step-start"},{"type":"text","state":"done"}] @ http://localhost:3001/_next/static/chunks/node_modules_next_dist_115brz8._.js:2441
[  192985ms] [LOG] [chat parts] [{"type":"step-start"},{"type":"tool-search_listings","state":"output-available"},{"type":"step-start"},{"type":"text","state":"done"}] @ http://localhost:3001/_next/static/chunks/node_modules_next_dist_115brz8._.js:2441
[  193742ms] [LOG] [Fast Refresh] rebuilding @ http://localhost:3001/_next/static/chunks/node_modules_next_dist_115brz8._.js:2441
[  194147ms] [LOG] [Fast Refresh] done in 522ms @ http://localhost:3001/_next/static/chunks/node_modules_next_dist_115brz8._.js:2441
[  218648ms] [LOG] [Fast Refresh] rebuilding @ http://localhost:3001/_next/static/chunks/node_modules_next_dist_115brz8._.js:2441
[  219187ms] [LOG] [Fast Refresh] done in 645ms @ http://localhost:3001/_next/static/chunks/node_modules_next_dist_115brz8._.js:2441
[  243947ms] [LOG] [Fast Refresh] rebuilding @ http://localhost:3001/_next/static/chunks/node_modules_next_dist_115brz8._.js:2441
[  248285ms] [LOG] [Fast Refresh] done in 4169ms @ http://localhost:3001/_next/static/chunks/node_modules_next_dist_115brz8._.js:2441
[  248479ms] [LOG] [Fast Refresh] rebuilding @ http://localhost:3001/_next/static/chunks/node_modules_next_dist_115brz8._.js:2441
[  248596ms] [LOG] [Fast Refresh] done in 228ms @ http://localhost:3001/_next/static/chunks/node_modules_next_dist_115brz8._.js:2441
[  248811ms] [LOG] [Fast Refresh] rebuilding @ http://localhost:3001/_next/static/chunks/node_modules_next_dist_115brz8._.js:2441
[  248854ms] [LOG] [Fast Refresh] done in 154ms @ http://localhost:3001/_next/static/chunks/node_modules_next_dist_115brz8._.js:2441
[  249101ms] [LOG] [Fast Refresh] rebuilding @ http://localhost:3001/_next/static/chunks/node_modules_next_dist_115brz8._.js:2441
[  249110ms] [LOG] [Fast Refresh] done in 109ms @ http://localhost:3001/_next/static/chunks/node_modules_next_dist_115brz8._.js:2441
