[     208ms] [LOG] [Fast Refresh] rebuilding @ http://localhost:3001/_next/static/chunks/node_modules_next_dist_115brz8._.js:2441
[    5777ms] [LOG] [Fast Refresh] done in 5680ms @ http://localhost:3001/_next/static/chunks/node_modules_next_dist_115brz8._.js:2441
[    6597ms] [LOG] %c Console Ninja extension is connected to Next.js browser, background: rgb(30,30,30); color: rgb(255,213,92) see https://tinyurl.com/2vt8jxzw for more info. @ :0
[    6630ms] [INFO] %cDownload the React DevTools for a better development experience: https://react.dev/link/react-devtools font-weight:bold @ http://localhost:3001/_next/static/chunks/node_modules_next_dist_115brz8._.js:2441
[    6816ms] [LOG] [HMR] connected @ http://localhost:3001/_next/static/chunks/node_modules_next_dist_115brz8._.js:2441
[    7072ms] [LOG] [Fast Refresh] rebuilding @ http://localhost:3001/_next/static/chunks/node_modules_next_dist_115brz8._.js:2441
[    7083ms] [LOG] [Fast Refresh] done in 144ms @ http://localhost:3001/_next/static/chunks/node_modules_next_dist_115brz8._.js:2441
[    7450ms] [LOG] [Fast Refresh] rebuilding @ http://localhost:3001/_next/static/chunks/node_modules_next_dist_115brz8._.js:2441
[    7599ms] [ERROR] Failed to load resource: the server responded with a status of 401 (Unauthorized) @ http://localhost:3001/api/users/me:0
[    7735ms] [ERROR] Failed to load resource: the server responded with a status of 401 (Unauthorized) @ http://localhost:3001/api/cart:0
[    8334ms] [LOG] [Fast Refresh] done in 1012ms @ http://localhost:3001/_next/static/chunks/node_modules_next_dist_115brz8._.js:2441
[   17392ms] [LOG] [Fast Refresh] rebuilding @ http://localhost:3001/_next/static/chunks/node_modules_next_dist_115brz8._.js:2441
[   18208ms] [LOG] [Fast Refresh] done in 920ms @ http://localhost:3001/_next/static/chunks/node_modules_next_dist_115brz8._.js:2441
[   47282ms] [LOG] [Fast Refresh] rebuilding @ http://localhost:3001/_next/static/chunks/node_modules_next_dist_115brz8._.js:2441
[   48351ms] [LOG] [Fast Refresh] done in 1173ms @ http://localhost:3001/_next/static/chunks/node_modules_next_dist_115brz8._.js:2441
[   48620ms] [LOG] [Fast Refresh] rebuilding @ http://localhost:3001/_next/static/chunks/node_modules_next_dist_115brz8._.js:2441
[   48788ms] [LOG] [Fast Refresh] done in 269ms @ http://localhost:3001/_next/static/chunks/node_modules_next_dist_115brz8._.js:2441
[   48952ms] [LOG] [Fast Refresh] rebuilding @ http://localhost:3001/_next/static/chunks/node_modules_next_dist_115brz8._.js:2441
[   48960ms] [LOG] [Fast Refresh] done in 109ms @ http://localhost:3001/_next/static/chunks/node_modules_next_dist_115brz8._.js:2441
[   49136ms] [LOG] [Fast Refresh] rebuilding @ http://localhost:3001/_next/static/chunks/node_modules_next_dist_115brz8._.js:2441
[   49155ms] [LOG] [Fast Refresh] done in 120ms @ http://localhost:3001/_next/static/chunks/node_modules_next_dist_115brz8._.js:2441
[   52205ms] [LOG] [Fast Refresh] rebuilding @ http://localhost:3001/_next/static/chunks/node_modules_next_dist_115brz8._.js:2441
[   55149ms] [LOG] [Fast Refresh] done in 3047ms @ http://localhost:3001/_next/static/chunks/node_modules_next_dist_115brz8._.js:2441
[   55384ms] [LOG] [Fast Refresh] rebuilding @ http://localhost:3001/_next/static/chunks/node_modules_next_dist_115brz8._.js:2441
[   55510ms] [LOG] [Fast Refresh] done in 244ms @ http://localhost:3001/_next/static/chunks/node_modules_next_dist_115brz8._.js:2441
[   66215ms] [LOG] [Fast Refresh] rebuilding @ http://localhost:3001/_next/static/chunks/node_modules_next_dist_115brz8._.js:2441
[   68913ms] [LOG] [Fast Refresh] done in 2805ms @ http://localhost:3001/_next/static/chunks/node_modules_next_dist_115brz8._.js:2441
[  121794ms] [LOG] [Fast Refresh] rebuilding @ http://localhost:3001/_next/static/chunks/node_modules_next_dist_115brz8._.js:2441
[  121846ms] [LOG] [Fast Refresh] done in 153ms @ http://localhost:3001/_next/static/chunks/node_modules_next_dist_115brz8._.js:2441
[  121967ms] [LOG] [Fast Refresh] rebuilding @ http://localhost:3001/_next/static/chunks/node_modules_next_dist_115brz8._.js:2441
[  122180ms] [LOG] [Fast Refresh] done in 316ms @ http://localhost:3001/_next/static/chunks/node_modules_next_dist_115brz8._.js:2441
[  123584ms] [LOG] [Fast Refresh] rebuilding @ http://localhost:3001/_next/static/chunks/node_modules_next_dist_115brz8._.js:2441
[  123595ms] [LOG] [Fast Refresh] done in 114ms @ http://localhost:3001/_next/static/chunks/node_modules_next_dist_115brz8._.js:2441
[  125631ms] [LOG] [Fast Refresh] rebuilding @ http://localhost:3001/_next/static/chunks/node_modules_next_dist_115brz8._.js:2441
[  127419ms] [LOG] [Fast Refresh] done in 1889ms @ http://localhost:3001/_next/static/chunks/node_modules_next_dist_115brz8._.js:2441
[  258839ms] [LOG] [Fast Refresh] rebuilding @ http://localhost:3001/_next/static/chunks/node_modules_next_dist_115brz8._.js:2441
[  266511ms] [LOG] [Fast Refresh] done in 7185ms @ http://localhost:3001/_next/static/chunks/node_modules_next_dist_115brz8._.js:2441
[  266938ms] [LOG] [Fast Refresh] rebuilding @ http://localhost:3001/_next/static/chunks/node_modules_next_dist_115brz8._.js:2441
[  267519ms] [LOG] [Fast Refresh] done in 685ms @ http://localhost:3001/_next/static/chunks/node_modules_next_dist_115brz8._.js:2441
[  274208ms] [LOG] [Fast Refresh] rebuilding @ http://localhost:3001/_next/static/chunks/node_modules_next_dist_115brz8._.js:2441
